[0.002s][info][gc,init] CardTable entry size: 512
[0.003s][info][gc     ] Using G1
[0.004s][info][gc,init] Version: 21.0.12.1+1-LTS (release)
[0.004s][info][gc,init] CPUs: 12 total, 12 available
[0.004s][info][gc,init] Memory: 14837M
[0.004s][info][gc,init] Large Page Support: Disabled
[0.004s][info][gc,init] NUMA Support: Disabled
[0.004s][info][gc,init] Compressed Oops: Enabled (32-bit)
[0.004s][info][gc,init] Heap Region Size: 1M
[0.004s][info][gc,init] Heap Min Capacity: 64M
[0.004s][info][gc,init] Heap Initial Capacity: 64M
[0.004s][info][gc,init] Heap Max Capacity: 768M
[0.004s][info][gc,init] Pre-touch: Disabled
[0.004s][info][gc,init] Parallel Workers: 10
[0.004s][info][gc,init] Concurrent Workers: 3
[0.004s][info][gc,init] Concurrent Refinement Workers: 10
[0.004s][info][gc,init] Periodic GC: Disabled
[0.010s][info][gc,metaspace] CDS archive(s) mapped at: [0x0000740a57000000-0x0000740a57c9c000-0x0000740a57c9c000), size 13221888, SharedBaseAddress: 0x0000740a57000000, ArchiveRelocationMode: 1.
[0.010s][info][gc,metaspace] Compressed class space mapped at: 0x0000740a58000000-0x0000740a98000000, reserved size: 1073741824
[0.010s][info][gc,metaspace] Narrow klass base: 0x0000740a57000000, Narrow klass shift: 0, Narrow klass range: 0x100000000
[0.264s][info][gc,start    ] GC(0) Pause Young (Normal) (G1 Evacuation Pause)
[0.264s][info][gc,task     ] GC(0) Using 2 workers of 10 for evacuation
[0.267s][info][gc,phases   ] GC(0)   Pre Evacuate Collection Set: 0.05ms
[0.267s][info][gc,phases   ] GC(0)   Merge Heap Roots: 0.04ms
[0.267s][info][gc,phases   ] GC(0)   Evacuate Collection Set: 2.71ms
[0.267s][info][gc,phases   ] GC(0)   Post Evacuate Collection Set: 0.21ms
[0.267s][info][gc,phases   ] GC(0)   Other: 0.14ms
[0.267s][info][gc,heap     ] GC(0) Eden regions: 23->0(35)
[0.267s][info][gc,heap     ] GC(0) Survivor regions: 0->3(3)
[0.267s][info][gc,heap     ] GC(0) Old regions: 2->2
[0.267s][info][gc,heap     ] GC(0) Humongous regions: 0->0
[0.267s][info][gc,metaspace] GC(0) Metaspace: 4010K(4160K)->4010K(4160K) NonClass: 3642K(3712K)->3642K(3712K) Class: 367K(448K)->367K(448K)
[0.267s][info][gc          ] GC(0) Pause Young (Normal) (G1 Evacuation Pause) 24M->3M(66M) 3.282ms
[0.267s][info][gc,cpu      ] GC(0) User=0.01s Sys=0.00s Real=0.01s
