[INFO] Scanning for projects...
[INFO] ------------------------------------------------------------------------
[INFO] Reactor Build Order:
[INFO] 
[INFO] Analysis CFG                                                       [pom]
[INFO] Analysis CFG Kernel                                                [jar]
[INFO] Analysis Structural Kernel                                         [jar]
[INFO] Analysis Possible Values                                           [jar]
[INFO] analysis-dataflow                                                  [jar]
[INFO] 
[INFO] ---------< io.github.gustavo2358.analysis:analysis-cfg-parent >---------
[INFO] Building Analysis CFG 0.1.0-SNAPSHOT                               [1/5]
[INFO]   from pom.xml
[INFO] --------------------------------[ pom ]---------------------------------
[INFO] 
[INFO] -------------< io.github.gustavo2358.analysis:cfg-kernel >--------------
[INFO] Building Analysis CFG Kernel 0.1.0-SNAPSHOT                        [2/5]
[INFO]   from cfg-kernel/pom.xml
[INFO] --------------------------------[ jar ]---------------------------------
[INFO] 
[INFO] --- resources:3.4.0:resources (default-resources) @ cfg-kernel ---
[INFO] skip non existing resourceDirectory /home/gustavo/workspace/teste-e2e/analysis-cfg/cfg-kernel/src/main/resources
[INFO] 
[INFO] --- compiler:3.13.0:compile (default-compile) @ cfg-kernel ---
[INFO] Nothing to compile - all classes are up to date.
[INFO] 
[INFO] --- resources:3.4.0:testResources (default-testResources) @ cfg-kernel ---
[INFO] skip non existing resourceDirectory /home/gustavo/workspace/teste-e2e/analysis-cfg/cfg-kernel/src/test/resources
[INFO] 
[INFO] --- compiler:3.13.0:testCompile (default-testCompile) @ cfg-kernel ---
[INFO] Nothing to compile - all classes are up to date.
[INFO] 
[INFO] --- surefire:3.5.3:test (default-test) @ cfg-kernel ---
[INFO] ------------------------------------------------------------------------
[INFO] Reactor Summary for Analysis CFG 0.1.0-SNAPSHOT:
[INFO] 
[INFO] Analysis CFG ....................................... SUCCESS [  0.001 s]
[INFO] Analysis CFG Kernel ................................ FAILURE [  0.394 s]
[INFO] Analysis Structural Kernel ......................... SKIPPED
[INFO] Analysis Possible Values ........................... SKIPPED
[INFO] analysis-dataflow .................................. SKIPPED
[INFO] ------------------------------------------------------------------------
[INFO] BUILD FAILURE
[INFO] ------------------------------------------------------------------------
[INFO] Total time:  0.492 s
[INFO] Finished at: 2026-09-10T00:45:36-03:00
[INFO] ------------------------------------------------------------------------
[ERROR] Failed to execute goal org.apache.maven.plugins:maven-surefire-plugin:3.5.3:test (default-test) on project cfg-kernel: No tests matching pattern "CompositionTest" were executed! (Set -Dsurefire.failIfNoSpecifiedTests=false to ignore this error.) -> [Help 1]
[ERROR] 
[ERROR] To see the full stack trace of the errors, re-run Maven with the -e switch.
[ERROR] Re-run Maven using the -X switch to enable full debug logging.
[ERROR] 
[ERROR] For more information about the errors and possible solutions, please read the following articles:
[ERROR] [Help 1] http://cwiki.apache.org/confluence/display/MAVEN/MojoFailureException
[ERROR] 
[ERROR] After correcting the problems, you can resume the build with the command
[ERROR]   mvn <args> -rf :cfg-kernel
