[INFO] Scanning for projects...
[INFO] ------------------------------------------------------------------------
[INFO] Reactor Build Order:
[INFO] 
[INFO] Analysis CFG                                                       [pom]
[INFO] Analysis CFG Kernel                                                [jar]
[INFO] Analysis Structural Kernel                                         [jar]
[INFO] Analysis Possible Values                                           [jar]
[INFO] analysis-dataflow                                                  [jar]
[INFO] 
[INFO] ---------< io.github.gustavo2358.analysis:analysis-cfg-parent >---------
[INFO] Building Analysis CFG 0.1.0-SNAPSHOT                               [1/5]
[INFO]   from pom.xml
[INFO] --------------------------------[ pom ]---------------------------------
[INFO] 
[INFO] -------------< io.github.gustavo2358.analysis:cfg-kernel >--------------
[INFO] Building Analysis CFG Kernel 0.1.0-SNAPSHOT                        [2/5]
[INFO]   from cfg-kernel/pom.xml
[INFO] --------------------------------[ jar ]---------------------------------
[INFO] 
[INFO] --- resources:3.4.0:resources (default-resources) @ cfg-kernel ---
[INFO] skip non existing resourceDirectory /home/gustavo/workspace/teste-e2e/analysis-cfg/cfg-kernel/src/main/resources
[INFO] 
[INFO] --- compiler:3.13.0:compile (default-compile) @ cfg-kernel ---
[INFO] Nothing to compile - all classes are up to date.
[INFO] 
[INFO] --- resources:3.4.0:testResources (default-testResources) @ cfg-kernel ---
[INFO] skip non existing resourceDirectory /home/gustavo/workspace/teste-e2e/analysis-cfg/cfg-kernel/src/test/resources
[INFO] 
[INFO] --- compiler:3.13.0:testCompile (default-testCompile) @ cfg-kernel ---
[INFO] Nothing to compile - all classes are up to date.
[INFO] 
[INFO] --- surefire:3.5.3:test (default-test) @ cfg-kernel ---
[INFO] Using auto detected provider org.apache.maven.surefire.junitplatform.JUnitPlatformProvider
[INFO] 
[INFO] -------------------------------------------------------
[INFO]  T E S T S
[INFO] -------------------------------------------------------
[INFO] Running io.github.gustavo2358.analysis.cfg.application.BuildCfgContractTest
[INFO] Tests run: 4, Failures: 0, Errors: 0, Skipped: 0, Time elapsed: 0.087 s -- in io.github.gustavo2358.analysis.cfg.application.BuildCfgContractTest
[INFO] 
[INFO] Results:
[INFO] 
[INFO] Tests run: 4, Failures: 0, Errors: 0, Skipped: 0
[INFO] 
[INFO] 
[INFO] -----------< io.github.gustavo2358.analysis:analysis-kernel >-----------
[INFO] Building Analysis Structural Kernel 0.1.0-SNAPSHOT                 [3/5]
[INFO]   from analysis-kernel/pom.xml
[INFO] --------------------------------[ jar ]---------------------------------
[INFO] 
[INFO] --- resources:3.4.0:resources (default-resources) @ analysis-kernel ---
[INFO] skip non existing resourceDirectory /home/gustavo/workspace/teste-e2e/analysis-cfg/analysis-kernel/src/main/resources
[INFO] 
[INFO] --- compiler:3.13.0:compile (default-compile) @ analysis-kernel ---
[INFO] Nothing to compile - all classes are up to date.
[INFO] 
[INFO] --- resources:3.4.0:testResources (default-testResources) @ analysis-kernel ---
[INFO] skip non existing resourceDirectory /home/gustavo/workspace/teste-e2e/analysis-cfg/analysis-kernel/src/test/resources
[INFO] 
[INFO] --- compiler:3.13.0:testCompile (default-testCompile) @ analysis-kernel ---
[INFO] Nothing to compile - all classes are up to date.
[INFO] 
[INFO] --- surefire:3.5.3:test (default-test) @ analysis-kernel ---
[INFO] Using auto detected provider org.apache.maven.surefire.junitplatform.JUnitPlatformProvider
[INFO] 
[INFO] -------------------------------------------------------
[INFO]  T E S T S
[INFO] -------------------------------------------------------
[INFO] Running io.github.gustavo2358.analysis.structure.StructureTest
[INFO] Tests run: 9, Failures: 0, Errors: 0, Skipped: 0, Time elapsed: 0.133 s -- in io.github.gustavo2358.analysis.structure.StructureTest
[INFO] 
[INFO] Results:
[INFO] 
[INFO] Tests run: 9, Failures: 0, Errors: 0, Skipped: 0
[INFO] 
[INFO] 
[INFO] -----------< io.github.gustavo2358.analysis:analysis-values >-----------
[INFO] Building Analysis Possible Values 0.1.0-SNAPSHOT                   [4/5]
[INFO]   from analysis-values/pom.xml
[INFO] --------------------------------[ jar ]---------------------------------
[INFO] 
[INFO] --- resources:3.4.0:resources (default-resources) @ analysis-values ---
[INFO] skip non existing resourceDirectory /home/gustavo/workspace/teste-e2e/analysis-cfg/analysis-values/src/main/resources
[INFO] 
[INFO] --- compiler:3.13.0:compile (default-compile) @ analysis-values ---
[INFO] Nothing to compile - all classes are up to date.
[INFO] 
[INFO] --- resources:3.4.0:testResources (default-testResources) @ analysis-values ---
[INFO] skip non existing resourceDirectory /home/gustavo/workspace/teste-e2e/analysis-cfg/analysis-values/src/test/resources
[INFO] 
[INFO] --- compiler:3.13.0:testCompile (default-testCompile) @ analysis-values ---
[INFO] Nothing to compile - all classes are up to date.
[INFO] 
[INFO] --- surefire:3.5.3:test (default-test) @ analysis-values ---
[INFO] Using auto detected provider org.apache.maven.surefire.junitplatform.JUnitPlatformProvider
[INFO] 
[INFO] -------------------------------------------------------
[INFO]  T E S T S
[INFO] -------------------------------------------------------
[INFO] Running io.github.gustavo2358.analysis.values.ValuesTest
[INFO] Tests run: 6, Failures: 0, Errors: 0, Skipped: 0, Time elapsed: 0.156 s -- in io.github.gustavo2358.analysis.values.ValuesTest
[INFO] 
[INFO] Results:
[INFO] 
[INFO] Tests run: 6, Failures: 0, Errors: 0, Skipped: 0
[INFO] 
[INFO] 
[INFO] ----------< io.github.gustavo2358.analysis:analysis-dataflow >----------
[INFO] Building analysis-dataflow 0.1.0-SNAPSHOT                          [5/5]
[INFO]   from analysis-dataflow/pom.xml
[INFO] --------------------------------[ jar ]---------------------------------
[INFO] 
[INFO] --- resources:3.4.0:resources (default-resources) @ analysis-dataflow ---
[INFO] skip non existing resourceDirectory /home/gustavo/workspace/teste-e2e/analysis-cfg/analysis-dataflow/src/main/resources
[INFO] 
[INFO] --- compiler:3.13.0:compile (default-compile) @ analysis-dataflow ---
[INFO] Recompiling the module because of changed source code.
[INFO] Compiling 4 source files with javac [debug release 21] to target/classes
[INFO] -------------------------------------------------------------
[ERROR] COMPILATION ERROR : 
[INFO] -------------------------------------------------------------
[ERROR] /home/gustavo/workspace/teste-e2e/analysis-cfg/analysis-dataflow/src/main/java/io/github/gustavo2358/analysis/dataflow/PreparedDataflowResult.java:[27,162] cannot find symbol
  symbol:   method cell()
  location: variable binding of type io.github.gustavo2358.air.model.Memory.CellBinding
[INFO] 1 error
[INFO] -------------------------------------------------------------
[INFO] ------------------------------------------------------------------------
[INFO] Reactor Summary for Analysis CFG 0.1.0-SNAPSHOT:
[INFO] 
[INFO] Analysis CFG ....................................... SUCCESS [  0.001 s]
[INFO] Analysis CFG Kernel ................................ SUCCESS [  0.823 s]
[INFO] Analysis Structural Kernel ......................... SUCCESS [  0.469 s]
[INFO] Analysis Possible Values ........................... SUCCESS [  0.493 s]
[INFO] analysis-dataflow .................................. FAILURE [  0.537 s]
[INFO] ------------------------------------------------------------------------
[INFO] BUILD FAILURE
[INFO] ------------------------------------------------------------------------
[INFO] Total time:  2.412 s
[INFO] Finished at: 2026-09-10T00:47:45-03:00
[INFO] ------------------------------------------------------------------------
[ERROR] Failed to execute goal org.apache.maven.plugins:maven-compiler-plugin:3.13.0:compile (default-compile) on project analysis-dataflow: Compilation failure
[ERROR] /home/gustavo/workspace/teste-e2e/analysis-cfg/analysis-dataflow/src/main/java/io/github/gustavo2358/analysis/dataflow/PreparedDataflowResult.java:[27,162] cannot find symbol
[ERROR]   symbol:   method cell()
[ERROR]   location: variable binding of type io.github.gustavo2358.air.model.Memory.CellBinding
[ERROR] -> [Help 1]
[ERROR] 
[ERROR] To see the full stack trace of the errors, re-run Maven with the -e switch.
[ERROR] Re-run Maven using the -X switch to enable full debug logging.
[ERROR] 
[ERROR] For more information about the errors and possible solutions, please read the following articles:
[ERROR] [Help 1] http://cwiki.apache.org/confluence/display/MAVEN/MojoFailureException
[ERROR] 
[ERROR] After correcting the problems, you can resume the build with the command
[ERROR]   mvn <args> -rf :analysis-dataflow
