[0.001s][warning][perf,memops] Cannot use file /tmp/hsperfdata_gustavo/3 because it is locked by another process (errno = 11)
[INFO] Scanning for projects...
[INFO] ------------------------------------------------------------------------
[INFO] Reactor Build Order:
[INFO] 
[INFO] Analysis CFG                                                       [pom]
[INFO] Analysis CFG Kernel                                                [jar]
[INFO] Analysis Structural Kernel                                         [jar]
[INFO] Analysis Possible Values                                           [jar]
[INFO] analysis-dataflow                                                  [jar]
[INFO] analysis-adapters                                                  [jar]
[INFO] 
[INFO] ---------< io.github.gustavo2358.analysis:analysis-cfg-parent >---------
[INFO] Building Analysis CFG 0.1.0-SNAPSHOT                               [1/6]
[INFO]   from pom.xml
[INFO] --------------------------------[ pom ]---------------------------------
[INFO] 
[INFO] -------------< io.github.gustavo2358.analysis:cfg-kernel >--------------
[INFO] Building Analysis CFG Kernel 0.1.0-SNAPSHOT                        [2/6]
[INFO]   from cfg-kernel/pom.xml
[INFO] --------------------------------[ jar ]---------------------------------
[INFO] 
[INFO] --- resources:3.4.0:resources (default-resources) @ cfg-kernel ---
[INFO] skip non existing resourceDirectory /home/gustavo/workspace/teste-e2e/analysis-cfg/cfg-kernel/src/main/resources
[INFO] 
[INFO] --- compiler:3.13.0:compile (default-compile) @ cfg-kernel ---
[INFO] Nothing to compile - all classes are up to date.
[INFO] 
[INFO] --- resources:3.4.0:testResources (default-testResources) @ cfg-kernel ---
[INFO] skip non existing resourceDirectory /home/gustavo/workspace/teste-e2e/analysis-cfg/cfg-kernel/src/test/resources
[INFO] 
[INFO] --- compiler:3.13.0:testCompile (default-testCompile) @ cfg-kernel ---
[INFO] Nothing to compile - all classes are up to date.
[INFO] 
[INFO] --- surefire:3.5.3:test (default-test) @ cfg-kernel ---
[INFO] Using auto detected provider org.apache.maven.surefire.junitplatform.JUnitPlatformProvider
[INFO] 
[INFO] -------------------------------------------------------
[INFO]  T E S T S
[INFO] -------------------------------------------------------
[INFO] Running io.github.gustavo2358.analysis.cfg.application.BuildCfgContractTest
[INFO] Tests run: 4, Failures: 0, Errors: 0, Skipped: 0, Time elapsed: 0.113 s -- in io.github.gustavo2358.analysis.cfg.application.BuildCfgContractTest
[INFO] 
[INFO] Results:
[INFO] 
[INFO] Tests run: 4, Failures: 0, Errors: 0, Skipped: 0
[INFO] 
[INFO] 
[INFO] -----------< io.github.gustavo2358.analysis:analysis-kernel >-----------
[INFO] Building Analysis Structural Kernel 0.1.0-SNAPSHOT                 [3/6]
[INFO]   from analysis-kernel/pom.xml
[INFO] --------------------------------[ jar ]---------------------------------
[INFO] 
[INFO] --- resources:3.4.0:resources (default-resources) @ analysis-kernel ---
[INFO] skip non existing resourceDirectory /home/gustavo/workspace/teste-e2e/analysis-cfg/analysis-kernel/src/main/resources
[INFO] 
[INFO] --- compiler:3.13.0:compile (default-compile) @ analysis-kernel ---
[INFO] Nothing to compile - all classes are up to date.
[INFO] 
[INFO] --- resources:3.4.0:testResources (default-testResources) @ analysis-kernel ---
[INFO] skip non existing resourceDirectory /home/gustavo/workspace/teste-e2e/analysis-cfg/analysis-kernel/src/test/resources
[INFO] 
[INFO] --- compiler:3.13.0:testCompile (default-testCompile) @ analysis-kernel ---
[INFO] Nothing to compile - all classes are up to date.
[INFO] 
[INFO] --- surefire:3.5.3:test (default-test) @ analysis-kernel ---
[INFO] Using auto detected provider org.apache.maven.surefire.junitplatform.JUnitPlatformProvider
[INFO] 
[INFO] -------------------------------------------------------
[INFO]  T E S T S
[INFO] -------------------------------------------------------
[INFO] Running io.github.gustavo2358.analysis.structure.StructureTest
[INFO] Tests run: 9, Failures: 0, Errors: 0, Skipped: 0, Time elapsed: 0.171 s -- in io.github.gustavo2358.analysis.structure.StructureTest
[INFO] 
[INFO] Results:
[INFO] 
[INFO] Tests run: 9, Failures: 0, Errors: 0, Skipped: 0
[INFO] 
[INFO] 
[INFO] -----------< io.github.gustavo2358.analysis:analysis-values >-----------
[INFO] Building Analysis Possible Values 0.1.0-SNAPSHOT                   [4/6]
[INFO]   from analysis-values/pom.xml
[INFO] --------------------------------[ jar ]---------------------------------
[INFO] 
[INFO] --- resources:3.4.0:resources (default-resources) @ analysis-values ---
[INFO] skip non existing resourceDirectory /home/gustavo/workspace/teste-e2e/analysis-cfg/analysis-values/src/main/resources
[INFO] 
[INFO] --- compiler:3.13.0:compile (default-compile) @ analysis-values ---
[INFO] Nothing to compile - all classes are up to date.
[INFO] 
[INFO] --- resources:3.4.0:testResources (default-testResources) @ analysis-values ---
[INFO] skip non existing resourceDirectory /home/gustavo/workspace/teste-e2e/analysis-cfg/analysis-values/src/test/resources
[INFO] 
[INFO] --- compiler:3.13.0:testCompile (default-testCompile) @ analysis-values ---
[INFO] Nothing to compile - all classes are up to date.
[INFO] 
[INFO] --- surefire:3.5.3:test (default-test) @ analysis-values ---
[INFO] Using auto detected provider org.apache.maven.surefire.junitplatform.JUnitPlatformProvider
[INFO] 
[INFO] -------------------------------------------------------
[INFO]  T E S T S
[INFO] -------------------------------------------------------
[INFO] Running io.github.gustavo2358.analysis.values.ValuesTest
[INFO] Tests run: 6, Failures: 0, Errors: 0, Skipped: 0, Time elapsed: 0.180 s -- in io.github.gustavo2358.analysis.values.ValuesTest
[INFO] 
[INFO] Results:
[INFO] 
[INFO] Tests run: 6, Failures: 0, Errors: 0, Skipped: 0
[INFO] 
[INFO] 
[INFO] ----------< io.github.gustavo2358.analysis:analysis-dataflow >----------
[INFO] Building analysis-dataflow 0.1.0-SNAPSHOT                          [5/6]
[INFO]   from analysis-dataflow/pom.xml
[INFO] --------------------------------[ jar ]---------------------------------
[INFO] 
[INFO] --- resources:3.4.0:resources (default-resources) @ analysis-dataflow ---
[INFO] skip non existing resourceDirectory /home/gustavo/workspace/teste-e2e/analysis-cfg/analysis-dataflow/src/main/resources
[INFO] 
[INFO] --- compiler:3.13.0:compile (default-compile) @ analysis-dataflow ---
[INFO] Nothing to compile - all classes are up to date.
[INFO] 
[INFO] --- resources:3.4.0:testResources (default-testResources) @ analysis-dataflow ---
[INFO] skip non existing resourceDirectory /home/gustavo/workspace/teste-e2e/analysis-cfg/analysis-dataflow/src/test/resources
[INFO] Copying 7 resources from ../cfg-adapters/src/test/resources to target/test-classes
[INFO] 
[INFO] --- compiler:3.13.0:testCompile (default-testCompile) @ analysis-dataflow ---
[INFO] Nothing to compile - all classes are up to date.
[INFO] 
[INFO] --- surefire:3.5.3:test (default-test) @ analysis-dataflow ---
[INFO] Using auto detected provider org.apache.maven.surefire.junitplatform.JUnitPlatformProvider
[INFO] 
[INFO] -------------------------------------------------------
[INFO]  T E S T S
[INFO] -------------------------------------------------------
[INFO] Running io.github.gustavo2358.analysis.dataflow.CompositionTest
[INFO] Tests run: 3, Failures: 0, Errors: 0, Skipped: 0, Time elapsed: 0.172 s -- in io.github.gustavo2358.analysis.dataflow.CompositionTest
[INFO] 
[INFO] Results:
[INFO] 
[INFO] Tests run: 3, Failures: 0, Errors: 0, Skipped: 0
[INFO] 
[INFO] 
[INFO] ----------< io.github.gustavo2358.analysis:analysis-adapters >----------
[INFO] Building analysis-adapters 0.1.0-SNAPSHOT                          [6/6]
[INFO]   from analysis-adapters/pom.xml
[INFO] --------------------------------[ jar ]---------------------------------
[INFO] 
[INFO] --- resources:3.4.0:resources (default-resources) @ analysis-adapters ---
[INFO] skip non existing resourceDirectory /home/gustavo/workspace/teste-e2e/analysis-cfg/analysis-adapters/src/main/resources
[INFO] 
[INFO] --- compiler:3.13.0:compile (default-compile) @ analysis-adapters ---
[INFO] Nothing to compile - all classes are up to date.
[INFO] 
[INFO] --- resources:3.4.0:testResources (default-testResources) @ analysis-adapters ---
[INFO] skip non existing resourceDirectory /home/gustavo/workspace/teste-e2e/analysis-cfg/analysis-adapters/src/test/resources
[INFO] Copying 7 resources from ../cfg-adapters/src/test/resources to target/test-classes
[INFO] 
[INFO] --- compiler:3.13.0:testCompile (default-testCompile) @ analysis-adapters ---
[INFO] Recompiling the module because of changed dependency.
[INFO] Compiling 2 source files with javac [debug release 21] to target/test-classes
[INFO] 
[INFO] --- surefire:3.5.3:test (default-test) @ analysis-adapters ---
[INFO] Using auto detected provider org.apache.maven.surefire.junitplatform.JUnitPlatformProvider
[INFO] 
[INFO] -------------------------------------------------------
[INFO]  T E S T S
[INFO] -------------------------------------------------------
[INFO] Running io.github.gustavo2358.analysis.adapters.DeliveryTest
[ERROR] Tests run: 2, Failures: 0, Errors: 2, Skipped: 0, Time elapsed: 0.196 s <<< FAILURE! -- in io.github.gustavo2358.analysis.adapters.DeliveryTest
[ERROR] io.github.gustavo2358.analysis.adapters.DeliveryTest.completeReceiptBindsExactFinalBytesAndReplacesExistingAtomically -- Time elapsed: 0.166 s <<< ERROR!
java.lang.IllegalStateException: W5 local delivery not implemented
	at io.github.gustavo2358.analysis.adapters.LocalResultWriter.write(LocalResultWriter.java:29)
	at io.github.gustavo2358.analysis.adapters.DeliveryTest.completeReceiptBindsExactFinalBytesAndReplacesExistingAtomically(DeliveryTest.java:15)
	at java.base/java.lang.reflect.Method.invoke(Method.java:580)
	at java.base/java.util.ArrayList.forEach(ArrayList.java:1596)
	at java.base/java.util.ArrayList.forEach(ArrayList.java:1596)

[ERROR] io.github.gustavo2358.analysis.adapters.DeliveryTest.controlledFailuresPreservePreparedResultAndExistingDestination -- Time elapsed: 0.013 s <<< ERROR!
java.lang.IllegalStateException: W5 local delivery not implemented
	at io.github.gustavo2358.analysis.adapters.LocalResultWriter.write(LocalResultWriter.java:29)
	at io.github.gustavo2358.analysis.adapters.DeliveryTest.controlledFailuresPreservePreparedResultAndExistingDestination(DeliveryTest.java:37)
	at java.base/java.lang.reflect.Method.invoke(Method.java:580)
	at java.base/java.util.ArrayList.forEach(ArrayList.java:1596)
	at java.base/java.util.ArrayList.forEach(ArrayList.java:1596)

[INFO] Running io.github.gustavo2358.analysis.adapters.WireTest
[INFO] Tests run: 1, Failures: 0, Errors: 0, Skipped: 0, Time elapsed: 0.027 s -- in io.github.gustavo2358.analysis.adapters.WireTest
[INFO] 
[INFO] Results:
[INFO] 
[ERROR] Errors: 
[ERROR]   DeliveryTest.completeReceiptBindsExactFinalBytesAndReplacesExistingAtomically:15 » IllegalState W5 local delivery not implemented
[ERROR]   DeliveryTest.controlledFailuresPreservePreparedResultAndExistingDestination:37 » IllegalState W5 local delivery not implemented
[INFO] 
[ERROR] Tests run: 3, Failures: 0, Errors: 2, Skipped: 0
[INFO] 
[INFO] ------------------------------------------------------------------------
[INFO] Reactor Summary for Analysis CFG 0.1.0-SNAPSHOT:
[INFO] 
[INFO] Analysis CFG ....................................... SUCCESS [  0.002 s]
[INFO] Analysis CFG Kernel ................................ SUCCESS [  1.017 s]
[INFO] Analysis Structural Kernel ......................... SUCCESS [  0.579 s]
[INFO] Analysis Possible Values ........................... SUCCESS [  0.596 s]
[INFO] analysis-dataflow .................................. SUCCESS [  0.533 s]
[INFO] analysis-adapters .................................. FAILURE [  1.000 s]
[INFO] ------------------------------------------------------------------------
[INFO] BUILD FAILURE
[INFO] ------------------------------------------------------------------------
[INFO] Total time:  3.835 s
[INFO] Finished at: 2026-09-10T00:52:20-03:00
[INFO] ------------------------------------------------------------------------
[ERROR] Failed to execute goal org.apache.maven.plugins:maven-surefire-plugin:3.5.3:test (default-test) on project analysis-adapters: 
[ERROR] 
[ERROR] See /home/gustavo/workspace/teste-e2e/analysis-cfg/analysis-adapters/target/surefire-reports for the individual test results.
[ERROR] See dump files (if any exist) [date].dump, [date]-jvmRun[N].dump and [date].dumpstream.
[ERROR] -> [Help 1]
[ERROR] 
[ERROR] To see the full stack trace of the errors, re-run Maven with the -e switch.
[ERROR] Re-run Maven using the -X switch to enable full debug logging.
[ERROR] 
[ERROR] For more information about the errors and possible solutions, please read the following articles:
[ERROR] [Help 1] http://cwiki.apache.org/confluence/display/MAVEN/MojoFailureException
[ERROR] 
[ERROR] After correcting the problems, you can resume the build with the command
[ERROR]   mvn <args> -rf :analysis-adapters
