[INFO] Scanning for projects...
[INFO] 
[INFO] ---< io.github.gustavo2358.cobolexplorer:antlr-parse-tree-explorer >----
[INFO] Building antlr-parse-tree-explorer 1.0.0-SNAPSHOT
[INFO]   from pom.xml
[INFO] --------------------------------[ jar ]---------------------------------
[INFO] 
[INFO] --- clean:3.2.0:clean (default-clean) @ antlr-parse-tree-explorer ---
[INFO] 
[INFO] --- antlr4:4.13.2:antlr4 (default) @ antlr-parse-tree-explorer ---
[INFO] ANTLR 4: Processing source directory /tmp/cp5-w5-binaries/proleap-poc/src/main/antlr4
[INFO] Processing grammar: Cobol.g4
[INFO] Processing grammar: CobolPreprocessor.g4
[INFO] 
[INFO] --- resources:3.4.0:resources (default-resources) @ antlr-parse-tree-explorer ---
[INFO] Copying 11 resources from src/main/resources to target/classes
[INFO] 
[INFO] --- compiler:3.14.0:compile (default-compile) @ antlr-parse-tree-explorer ---
[INFO] Recompiling the module because of changed source code.
[INFO] Compiling 58 source files with javac [debug release 17] to target/classes
[INFO] 
[INFO] --- jar:3.4.2:jar (default-cli) @ antlr-parse-tree-explorer ---
[INFO] Building jar: /tmp/cp5-w5-binaries/proleap-poc/target/antlr-parse-tree-explorer-1.0.0-SNAPSHOT.jar
[INFO] 
[INFO] --- dependency:3.8.1:build-classpath (default-cli) @ antlr-parse-tree-explorer ---
[INFO] Wrote classpath file '/tmp/cp5-w5-binaries/frontend-classpath.txt'.
[INFO] ------------------------------------------------------------------------
[INFO] BUILD SUCCESS
[INFO] ------------------------------------------------------------------------
[INFO] Total time:  6.174 s
[INFO] Finished at: 2026-09-10T00:58:07-03:00
[INFO] ------------------------------------------------------------------------
