test_different_tree_and_stale_source_are_not_head_evidence (__main__.CiReceiptTests.test_different_tree_and_stale_source_are_not_head_evidence) ... ok
test_missing_evidence_cannot_claim_exact_checkout (__main__.CiReceiptTests.test_missing_evidence_cannot_claim_exact_checkout) ... ok
test_push_has_no_invented_pr_base (__main__.CiReceiptTests.test_push_has_no_invented_pr_base) ... ok
test_real_local_git_exact_head_and_synthetic_merge_identical_tree (__main__.CiReceiptTests.test_real_local_git_exact_head_and_synthetic_merge_identical_tree) ... ok
test_all_finite_candidates_are_representable (__main__.CoreSizeContractTests.test_all_finite_candidates_are_representable) ... ok
test_analysis_key_has_no_resource_options (__main__.CoreSizeContractTests.test_analysis_key_has_no_resource_options) ... ok
test_capacity_cannot_hide_in_failed_phase_or_delivery (__main__.CoreSizeContractTests.test_capacity_cannot_hide_in_failed_phase_or_delivery) ... ok
test_capacity_outcomes_cannot_be_reintroduced (__main__.CoreSizeContractTests.test_capacity_outcomes_cannot_be_reintroduced) ... ok
test_cardinality_saturation_is_not_a_value_kind (__main__.CoreSizeContractTests.test_cardinality_saturation_is_not_a_value_kind) ... ok
test_adr_and_work_routing (__main__.Cp5HarnessTests.test_adr_and_work_routing) ... ok
test_all_package_deny_rules_have_contracases (__main__.Cp5HarnessTests.test_all_package_deny_rules_have_contracases) ... ok
test_approved_maven_dag_cannot_drift (__main__.Cp5HarnessTests.test_approved_maven_dag_cannot_drift) ... ok
test_architecture_cannot_map_oom_to_semantics (__main__.Cp5HarnessTests.test_architecture_cannot_map_oom_to_semantics) ... ok
test_audit_requirements_cannot_disappear (__main__.Cp5HarnessTests.test_audit_requirements_cannot_disappear) ... ok
test_backward_anchor_oracle_and_quality_cannot_be_weakened (__main__.Cp5HarnessTests.test_backward_anchor_oracle_and_quality_cannot_be_weakened) ... ok
test_challenge_restore_and_real_target_not_yet_available (__main__.Cp5HarnessTests.test_challenge_restore_and_real_target_not_yet_available) ... ok
test_ci_receipt_capture_and_documentation_cannot_disappear (__main__.Cp5HarnessTests.test_ci_receipt_capture_and_documentation_cannot_disappear) ... ok
test_cp6_cannot_start_or_be_authorized (__main__.Cp5HarnessTests.test_cp6_cannot_start_or_be_authorized) ... ok
test_direct_air_dependency_contracase (__main__.Cp5HarnessTests.test_direct_air_dependency_contracase) ... ok
test_discovery_approval_cannot_authorize_wave (__main__.Cp5HarnessTests.test_discovery_approval_cannot_authorize_wave) ... ok
test_each_audit_obligation_is_required_with_byte_exact_restore (__main__.Cp5HarnessTests.test_each_audit_obligation_is_required_with_byte_exact_restore) ... ok
test_each_required_challenge_is_guarded (__main__.Cp5HarnessTests.test_each_required_challenge_is_guarded) ... ok
test_every_required_metric_is_guarded (__main__.Cp5HarnessTests.test_every_required_metric_is_guarded) ... ok
test_f1_and_f2_contract_fields_cannot_disappear (__main__.Cp5HarnessTests.test_f1_and_f2_contract_fields_cannot_disappear) ... ok
test_f3_global_barrier_snapshot_is_rejected_and_restored (__main__.Cp5HarnessTests.test_f3_global_barrier_snapshot_is_rejected_and_restored) ... ok
test_future_hook_cannot_be_empty_pass (__main__.Cp5HarnessTests.test_future_hook_cannot_be_empty_pass) ... ok
test_historical_h4_approval_is_not_rewritten (__main__.Cp5HarnessTests.test_historical_h4_approval_is_not_rewritten) ... ok
test_inventory_detects_missing_java (__main__.Cp5HarnessTests.test_inventory_detects_missing_java) ... ok
test_java_pom_inventory_covers_existing_new_and_hidden_files (__main__.Cp5HarnessTests.test_java_pom_inventory_covers_existing_new_and_hidden_files) ... ok
test_launcher_has_strict_direct_dependency_without_exception (__main__.Cp5HarnessTests.test_launcher_has_strict_direct_dependency_without_exception) ... ok
test_metric_requires_auditable_event_and_scope (__main__.Cp5HarnessTests.test_metric_requires_auditable_event_and_scope) ... ok
test_mixed_request_plan_cannot_be_removed_with_unsupported_response (__main__.Cp5HarnessTests.test_mixed_request_plan_cannot_be_removed_with_unsupported_response) ... ok
test_mixed_snapshot_cannot_abort_batch_or_drop_unsupported_query (__main__.Cp5HarnessTests.test_mixed_snapshot_cannot_abort_batch_or_drop_unsupported_query) ... ok
test_no_fabricated_wave_completion (__main__.Cp5HarnessTests.test_no_fabricated_wave_completion) ... ok
test_no_speculative_module_even_without_java (__main__.Cp5HarnessTests.test_no_speculative_module_even_without_java) ... ok
test_no_unauthorized_active_wave_pointer (__main__.Cp5HarnessTests.test_no_unauthorized_active_wave_pointer) ... ok
test_no_vendored_engine_bytecode (__main__.Cp5HarnessTests.test_no_vendored_engine_bytecode) ... ok
test_performance_requires_real_composed_hook (__main__.Cp5HarnessTests.test_performance_requires_real_composed_hook) ... ok
test_preparation_cli_executes_checks_and_rejects_invalid_input (__main__.Cp5HarnessTests.test_preparation_cli_executes_checks_and_rejects_invalid_input) ... ok
test_probe_cannot_pass_for_document_existence (__main__.Cp5HarnessTests.test_probe_cannot_pass_for_document_existence) ... ok
test_probe_requires_dimension_and_known_metric (__main__.Cp5HarnessTests.test_probe_requires_dimension_and_known_metric) ... ok
test_product_routes_propagate_actual_hook_failure (__main__.Cp5HarnessTests.test_product_routes_propagate_actual_hook_failure) ... ok
test_result_contract_cannot_drop_query_outcome_rules (__main__.Cp5HarnessTests.test_result_contract_cannot_drop_query_outcome_rules) ... ok
test_result_contract_cannot_drop_semantic_statuses_or_change_version (__main__.Cp5HarnessTests.test_result_contract_cannot_drop_semantic_statuses_or_change_version) ... ok
test_result_is_design_not_measurement (__main__.Cp5HarnessTests.test_result_is_design_not_measurement) ... ok
test_s4b_removal_and_wrong_wave (__main__.Cp5HarnessTests.test_s4b_removal_and_wrong_wave) ... ok
test_scale_oracles_and_metric_role_cannot_be_weakened (__main__.Cp5HarnessTests.test_scale_oracles_and_metric_role_cannot_be_weakened) ... ok
test_single_draft_pr_policy (__main__.Cp5HarnessTests.test_single_draft_pr_policy) ... ok
test_size_decision_routing_and_approval_cannot_disappear (__main__.Cp5HarnessTests.test_size_decision_routing_and_approval_cannot_disappear) ... ok
test_size_roles_have_parseable_counterexamples_and_exact_restore (__main__.Cp5HarnessTests.test_size_roles_have_parseable_counterexamples_and_exact_restore) ... ok
test_size_scale_outcomes_have_independent_oracle_and_restore (__main__.Cp5HarnessTests.test_size_scale_outcomes_have_independent_oracle_and_restore) ... ok
test_stable_solver_is_not_complete_pipeline (__main__.Cp5HarnessTests.test_stable_solver_is_not_complete_pipeline) ... ok
test_valid_preparation (__main__.Cp5HarnessTests.test_valid_preparation) ... ok
test_w1_authorization_and_runtime_hooks_are_required (__main__.Cp5HarnessTests.test_w1_authorization_and_runtime_hooks_are_required) ... ok
test_w1_nominal_reports_and_metrics_cannot_be_fabricated (__main__.Cp5HarnessTests.test_w1_nominal_reports_and_metrics_cannot_be_fabricated) ... ok
test_w2_authorization_and_approval_cannot_be_inferred (__main__.Cp5HarnessTests.test_w2_authorization_and_approval_cannot_be_inferred) ... ok
test_w2_nominal_metrics_corpus_and_reports_are_required (__main__.Cp5HarnessTests.test_w2_nominal_metrics_corpus_and_reports_are_required) ... ok
test_w3_authorization_hooks_and_approved_w2_are_required (__main__.Cp5HarnessTests.test_w3_authorization_hooks_and_approved_w2_are_required) ... ok
test_w3_focal_review_cannot_drop_blocker_or_approve_itself (__main__.Cp5HarnessTests.test_w3_focal_review_cannot_drop_blocker_or_approve_itself) ... ok
test_w3_focal_scope_freezes_reviewed_replay (__main__.Cp5HarnessTests.test_w3_focal_scope_freezes_reviewed_replay) ... ok
test_w3_nominal_metrics_and_oracles_cannot_be_empty (__main__.Cp5HarnessTests.test_w3_nominal_metrics_and_oracles_cannot_be_empty) ... ok
test_w3_support_metrics_cannot_be_empty_or_lose_support (__main__.Cp5HarnessTests.test_w3_support_metrics_cannot_be_empty_or_lose_support) ... ok
test_w4_actual_scale_quality_retention_and_no_k_replay_are_guarded (__main__.Cp5HarnessTests.test_w4_actual_scale_quality_retention_and_no_k_replay_are_guarded) ... ok
test_w4_approved_sources_are_frozen_except_exact_additive_selection (__main__.Cp5HarnessTests.test_w4_approved_sources_are_frozen_except_exact_additive_selection) ... ok
test_w4_authorization_and_hooks_cannot_be_inferred (__main__.Cp5HarnessTests.test_w4_authorization_and_hooks_cannot_be_inferred) ... ok
test_w4_consumers_cannot_import_run_replay_session_or_io (__main__.Cp5HarnessTests.test_w4_consumers_cannot_import_run_replay_session_or_io) ... ok
test_w4_focal_review_and_blocker_cannot_disappear (__main__.Cp5HarnessTests.test_w4_focal_review_and_blocker_cannot_disappear) ... ok
test_w4_focal_scope_freezes_runtime_provider_and_old_tests (__main__.Cp5HarnessTests.test_w4_focal_scope_freezes_runtime_provider_and_old_tests) ... ok
test_w4_nominal_reports_and_context_witness_cannot_be_empty (__main__.Cp5HarnessTests.test_w4_nominal_reports_and_context_witness_cannot_be_empty) ... ok
test_w5_eval_cannot_be_demoted_without_removing_implementation (__main__.Cp5HarnessTests.test_w5_eval_cannot_be_demoted_without_removing_implementation) ... ok
test_wave_order_and_review_dependency (__main__.Cp5HarnessTests.test_wave_order_and_review_dependency) ... ok
test_wire_capacity_enums_and_options_are_rejected_with_exact_restore (__main__.Cp5HarnessTests.test_wire_capacity_enums_and_options_are_rejected_with_exact_restore) ... ok
test_analysis_only_consumer_does_not_depend_on_observation (__main__.FCompletionTests.test_analysis_only_consumer_does_not_depend_on_observation) ... ok
test_delivery_failure_before_hash_does_not_require_buffering_or_fake_hash (__main__.FCompletionTests.test_delivery_failure_before_hash_does_not_require_buffering_or_fake_hash) ... ok
test_dependencies_cannot_be_removed_or_rebound_silently (__main__.FCompletionTests.test_dependencies_cannot_be_removed_or_rebound_silently) ... ok
test_independent_batches_and_consumer_dependencies (__main__.FCompletionTests.test_independent_batches_and_consumer_dependencies) ... ok
test_receipt_correlation_and_self_certification_are_guarded (__main__.FCompletionTests.test_receipt_correlation_and_self_certification_are_guarded) ... ok
test_structural_consumer_survives_controlled_failed_query_batch (__main__.FCompletionTests.test_structural_consumer_survives_controlled_failed_query_batch) ... ok
test_structural_only_needs_no_fake_analysis (__main__.FCompletionTests.test_structural_only_needs_no_fake_analysis) ... ok
test_writer_failure_keeps_prepared_bytes_and_cannot_claim_complete (__main__.FCompletionTests.test_writer_failure_keeps_prepared_bytes_and_cannot_claim_complete) ... ok
test_batch_coverage_uses_independent_plan_and_full_query_identity (__main__.ResultContractTests.test_batch_coverage_uses_independent_plan_and_full_query_identity) ... ok
test_completion_shape_reasons_and_partial_policy (__main__.ResultContractTests.test_completion_shape_reasons_and_partial_policy) ... ok
test_consumer_failure_keeps_other_completion_and_requires_full_plan (__main__.ResultContractTests.test_consumer_failure_keeps_other_completion_and_requires_full_plan) ... ok
test_controlled_failure_cannot_rewrite_stable_solver_or_emit_partial_batch (__main__.ResultContractTests.test_controlled_failure_cannot_rewrite_stable_solver_or_emit_partial_batch) ... ok
test_example_and_honest_unknown_unreachable (__main__.ResultContractTests.test_example_and_honest_unknown_unreachable) ... ok
test_f1_semantic_admission_never_maps_capacity_to_rejection (__main__.ResultContractTests.test_f1_semantic_admission_never_maps_capacity_to_rejection) ... ok
test_f2_result_cannot_self_certify_delivery (__main__.ResultContractTests.test_f2_result_cannot_self_certify_delivery) ... ok
test_f3_dependency_aware_prepared_result_contract_exists (__main__.ResultContractTests.test_f3_dependency_aware_prepared_result_contract_exists) ... ok
test_limit_cannot_be_stable_or_emit_provisional_facts (__main__.ResultContractTests.test_limit_cannot_be_stable_or_emit_provisional_facts) ... ok
test_missing_fields_and_owner_mismatch (__main__.ResultContractTests.test_missing_fields_and_owner_mismatch) ... ok
test_missing_key_cannot_be_closed_empty (__main__.ResultContractTests.test_missing_key_cannot_be_closed_empty) ... ok
test_mixed_query_outcomes_are_representable (__main__.ResultContractTests.test_mixed_query_outcomes_are_representable) ... ok
test_partial_effective_remainder_and_precision (__main__.ResultContractTests.test_partial_effective_remainder_and_precision) ... ok
test_query_status_and_reason_are_required_and_distinct_from_run_status (__main__.ResultContractTests.test_query_status_and_reason_are_required_and_distinct_from_run_status) ... ok
test_review_snapshot_preserves_supported_value_and_explicit_refusal (__main__.ResultContractTests.test_review_snapshot_preserves_supported_value_and_explicit_refusal) ... ok
test_saturation_cannot_be_reintroduced (__main__.ResultContractTests.test_saturation_cannot_be_reintroduced) ... ok
test_supported_after_requires_an_outcome_and_run_failures_remain_separate (__main__.ResultContractTests.test_supported_after_requires_an_outcome_and_run_failures_remain_separate) ... ok
test_unsupported_query_requires_reason_and_cannot_claim_semantic_value (__main__.ResultContractTests.test_unsupported_query_requires_reason_and_cannot_claim_semantic_value) ... ok
test_unsupported_query_still_checks_context_subject_and_refs (__main__.ResultContractTests.test_unsupported_query_still_checks_context_subject_and_refs) ... ok

----------------------------------------------------------------------
Ran 99 tests in 76.759s

OK
[core-size challenge] node-count-admission: parseable RED
[core-size challenge] operation-count-admission: parseable RED
[core-size challenge] query-count-admission: parseable RED
[core-size challenge] maxCandidates: parseable RED
[core-size challenge] CARDINALITY_LIMIT: parseable RED
[core-size challenge] resourceBudgets: parseable RED
[core-size challenge] max-visits-aborts: parseable RED
[core-size challenge] worklist-aborts: parseable RED
[core-size challenge] oom-mapping: parseable RED
[core-size challenge] overflow-is-product-ceiling: parseable RED
[core-size challenge] metric-as-policy: parseable RED
[core-size challenge] output-cap: parseable RED
[core-size challenge] all role mutants: byte-exact restore / second GREEN
[core-size challenge] candidate-N-plus-1-open: parseable RED
[core-size challenge] candidate-N-plus-1-top: parseable RED
[core-size challenge] candidate-dropped: parseable RED
[core-size challenge] large-unsupported: parseable RED
[core-size challenge] large-invalid: parseable RED
[core-size challenge] work-exhausted: parseable RED
[core-size challenge] scale outcomes: byte-exact restore / second GREEN
[core-size challenge] wire admission_statuses: parseable RED
[core-size challenge] wire analysis_statuses: parseable RED
[core-size challenge] wire observation_statuses: parseable RED
[core-size challenge] wire consumer_statuses: parseable RED
[core-size challenge] wire preparation_statuses: parseable RED
[core-size challenge] wire delivery_statuses: parseable RED
[core-size challenge] wire observation_failure_reasons: parseable RED
[core-size challenge] wire consumer_failure_reasons: parseable RED
[core-size challenge] wire delivery_failure_reasons: parseable RED
[core-size challenge] wire resourceBudgets: parseable RED
[core-size challenge] wire maxCandidates: parseable RED
[core-size challenge] wire ADMISSION_LIMIT: parseable RED
[core-size challenge] wire ANALYSIS_LIMIT: parseable RED
