com.sun.tools.attach.AttachNotSupportedException: Unable to open socket file /proc/5/root/tmp/.java_pid5: target process 5 doesn't respond within 10500ms or HotSpot VM not loaded
	at jdk.attach/sun.tools.attach.VirtualMachineImpl.<init>(VirtualMachineImpl.java:113)
	at jdk.attach/sun.tools.attach.AttachProviderImpl.attachVirtualMachine(AttachProviderImpl.java:58)
	at jdk.attach/com.sun.tools.attach.VirtualMachine.attach(VirtualMachine.java:207)
	at jdk.jcmd/sun.tools.jcmd.JCmd.executeCommandForPid(JCmd.java:113)
	at jdk.jcmd/sun.tools.jcmd.JCmd.main(JCmd.java:97)
Traceback (most recent call last):
  File "/home/gustavo/workspace/teste-e2e/analysis-cfg/scripts/project/measure_w5.py", line 63, in <module>
    if __name__=='__main__':main()
                            ~~~~^^
  File "/home/gustavo/workspace/teste-e2e/analysis-cfg/scripts/project/measure_w5.py", line 28, in main
    data=subprocess.check_output([str(jcmd),str(proc.pid),name]);evidence(case/(name+'.txt'),data)
  File "/usr/lib/python3.14/subprocess.py", line 473, in check_output
    return run(*popenargs, stdout=PIPE, timeout=timeout, check=True,
           ~~~^^^^^^^^^^^^^^^^^^^^^^^^^^^^^^^^^^^^^^^^^^^^^^^^^^^^^^
               **kwargs).stdout
               ^^^^^^^^^
  File "/usr/lib/python3.14/subprocess.py", line 578, in run
    raise CalledProcessError(retcode, process.args,
                             output=stdout, stderr=stderr)
subprocess.CalledProcessError: Command '['/tmp/cp5-harness-validation/jdk/bin/jcmd', '5', 'VM.version']' returned non-zero exit status 1.
