[INFO] Scanning for projects...
[INFO] ------------------------------------------------------------------------
[INFO] Reactor Build Order:
[INFO] 
[INFO] Analysis CFG                                                       [pom]
[INFO] Analysis CFG Kernel                                                [jar]
[INFO] Analysis Structural Kernel                                         [jar]
[INFO] Analysis Possible Values                                           [jar]
[INFO] cfg-adapters                                                       [jar]
[INFO] cfg-launcher                                                       [jar]
[INFO] analysis-dataflow                                                  [jar]
[INFO] analysis-adapters                                                  [jar]
[INFO] analysis-launcher                                                  [jar]
[INFO] 
[INFO] ---------< io.github.gustavo2358.analysis:analysis-cfg-parent >---------
[INFO] Building Analysis CFG 0.1.0-SNAPSHOT                               [1/9]
[INFO]   from pom.xml
[INFO] --------------------------------[ pom ]---------------------------------
[INFO] 
[INFO] --- dependency:3.8.1:tree (default-cli) @ analysis-cfg-parent ---
[INFO] Wrote dependency tree to: /home/gustavo/workspace/teste-e2e/analysis-cfg/target/architecture-dependencies.tgf
[INFO] 
[INFO] --- dependency:3.8.1:build-classpath (default-cli) @ analysis-cfg-parent ---
[INFO] No dependencies found.
[INFO] Wrote classpath file '/home/gustavo/workspace/teste-e2e/analysis-cfg/target/architecture-classpath.txt'.
[INFO] 
[INFO] -------------< io.github.gustavo2358.analysis:cfg-kernel >--------------
[INFO] Building Analysis CFG Kernel 0.1.0-SNAPSHOT                        [2/9]
[INFO]   from cfg-kernel/pom.xml
[INFO] --------------------------------[ jar ]---------------------------------
[INFO] 
[INFO] --- resources:3.4.0:resources (default-resources) @ cfg-kernel ---
[INFO] skip non existing resourceDirectory /home/gustavo/workspace/teste-e2e/analysis-cfg/cfg-kernel/src/main/resources
[INFO] 
[INFO] --- compiler:3.13.0:compile (default-compile) @ cfg-kernel ---
[INFO] Nothing to compile - all classes are up to date.
[INFO] 
[INFO] --- resources:3.4.0:testResources (default-testResources) @ cfg-kernel ---
[INFO] skip non existing resourceDirectory /home/gustavo/workspace/teste-e2e/analysis-cfg/cfg-kernel/src/test/resources
[INFO] 
[INFO] --- compiler:3.13.0:testCompile (default-testCompile) @ cfg-kernel ---
[INFO] Nothing to compile - all classes are up to date.
[INFO] 
[INFO] --- surefire:3.5.3:test (default-test) @ cfg-kernel ---
[INFO] Tests are skipped.
[INFO] 
[INFO] --- jar:3.4.2:jar (default-jar) @ cfg-kernel ---
[INFO] 
[INFO] --- dependency:3.8.1:tree (default-cli) @ cfg-kernel ---
[INFO] Wrote dependency tree to: /home/gustavo/workspace/teste-e2e/analysis-cfg/cfg-kernel/target/architecture-dependencies.tgf
[INFO] 
[INFO] --- dependency:3.8.1:build-classpath (default-cli) @ cfg-kernel ---
[INFO] Wrote classpath file '/home/gustavo/workspace/teste-e2e/analysis-cfg/cfg-kernel/target/architecture-classpath.txt'.
[INFO] 
[INFO] -----------< io.github.gustavo2358.analysis:analysis-kernel >-----------
[INFO] Building Analysis Structural Kernel 0.1.0-SNAPSHOT                 [3/9]
[INFO]   from analysis-kernel/pom.xml
[INFO] --------------------------------[ jar ]---------------------------------
[INFO] 
[INFO] --- resources:3.4.0:resources (default-resources) @ analysis-kernel ---
[INFO] skip non existing resourceDirectory /home/gustavo/workspace/teste-e2e/analysis-cfg/analysis-kernel/src/main/resources
[INFO] 
[INFO] --- compiler:3.13.0:compile (default-compile) @ analysis-kernel ---
[INFO] Nothing to compile - all classes are up to date.
[INFO] 
[INFO] --- resources:3.4.0:testResources (default-testResources) @ analysis-kernel ---
[INFO] skip non existing resourceDirectory /home/gustavo/workspace/teste-e2e/analysis-cfg/analysis-kernel/src/test/resources
[INFO] 
[INFO] --- compiler:3.13.0:testCompile (default-testCompile) @ analysis-kernel ---
[INFO] Nothing to compile - all classes are up to date.
[INFO] 
[INFO] --- surefire:3.5.3:test (default-test) @ analysis-kernel ---
[INFO] Tests are skipped.
[INFO] 
[INFO] --- jar:3.4.2:jar (default-jar) @ analysis-kernel ---
[INFO] 
[INFO] --- dependency:3.8.1:tree (default-cli) @ analysis-kernel ---
[INFO] Wrote dependency tree to: /home/gustavo/workspace/teste-e2e/analysis-cfg/analysis-kernel/target/architecture-dependencies.tgf
[INFO] 
[INFO] --- dependency:3.8.1:build-classpath (default-cli) @ analysis-kernel ---
[INFO] Wrote classpath file '/home/gustavo/workspace/teste-e2e/analysis-cfg/analysis-kernel/target/architecture-classpath.txt'.
[INFO] 
[INFO] -----------< io.github.gustavo2358.analysis:analysis-values >-----------
[INFO] Building Analysis Possible Values 0.1.0-SNAPSHOT                   [4/9]
[INFO]   from analysis-values/pom.xml
[INFO] --------------------------------[ jar ]---------------------------------
[INFO] 
[INFO] --- resources:3.4.0:resources (default-resources) @ analysis-values ---
[INFO] skip non existing resourceDirectory /home/gustavo/workspace/teste-e2e/analysis-cfg/analysis-values/src/main/resources
[INFO] 
[INFO] --- compiler:3.13.0:compile (default-compile) @ analysis-values ---
[INFO] Nothing to compile - all classes are up to date.
[INFO] 
[INFO] --- resources:3.4.0:testResources (default-testResources) @ analysis-values ---
[INFO] skip non existing resourceDirectory /home/gustavo/workspace/teste-e2e/analysis-cfg/analysis-values/src/test/resources
[INFO] 
[INFO] --- compiler:3.13.0:testCompile (default-testCompile) @ analysis-values ---
[INFO] Nothing to compile - all classes are up to date.
[INFO] 
[INFO] --- surefire:3.5.3:test (default-test) @ analysis-values ---
[INFO] Tests are skipped.
[INFO] 
[INFO] --- jar:3.4.2:jar (default-jar) @ analysis-values ---
[INFO] 
[INFO] --- dependency:3.8.1:tree (default-cli) @ analysis-values ---
[INFO] Wrote dependency tree to: /home/gustavo/workspace/teste-e2e/analysis-cfg/analysis-values/target/architecture-dependencies.tgf
[INFO] 
[INFO] --- dependency:3.8.1:build-classpath (default-cli) @ analysis-values ---
[INFO] Wrote classpath file '/home/gustavo/workspace/teste-e2e/analysis-cfg/analysis-values/target/architecture-classpath.txt'.
[INFO] 
[INFO] ------------< io.github.gustavo2358.analysis:cfg-adapters >-------------
[INFO] Building cfg-adapters 0.1.0-SNAPSHOT                               [5/9]
[INFO]   from cfg-adapters/pom.xml
[INFO] --------------------------------[ jar ]---------------------------------
[INFO] 
[INFO] --- resources:3.4.0:resources (default-resources) @ cfg-adapters ---
[INFO] skip non existing resourceDirectory /home/gustavo/workspace/teste-e2e/analysis-cfg/cfg-adapters/src/main/resources
[INFO] 
[INFO] --- compiler:3.13.0:compile (default-compile) @ cfg-adapters ---
[INFO] Nothing to compile - all classes are up to date.
[INFO] 
[INFO] --- resources:3.4.0:testResources (default-testResources) @ cfg-adapters ---
[INFO] Copying 7 resources from src/test/resources to target/test-classes
[INFO] 
[INFO] --- compiler:3.13.0:testCompile (default-testCompile) @ cfg-adapters ---
[INFO] Nothing to compile - all classes are up to date.
[INFO] 
[INFO] --- surefire:3.5.3:test (default-test) @ cfg-adapters ---
[INFO] Tests are skipped.
[INFO] 
[INFO] --- jar:3.4.2:jar (default-jar) @ cfg-adapters ---
[INFO] 
[INFO] --- dependency:3.8.1:tree (default-cli) @ cfg-adapters ---
[INFO] Wrote dependency tree to: /home/gustavo/workspace/teste-e2e/analysis-cfg/cfg-adapters/target/architecture-dependencies.tgf
[INFO] 
[INFO] --- dependency:3.8.1:build-classpath (default-cli) @ cfg-adapters ---
[INFO] Skipped writing classpath file '/home/gustavo/workspace/teste-e2e/analysis-cfg/cfg-adapters/target/architecture-classpath.txt'.  No changes found.
[INFO] 
[INFO] ------------< io.github.gustavo2358.analysis:cfg-launcher >-------------
[INFO] Building cfg-launcher 0.1.0-SNAPSHOT                               [6/9]
[INFO]   from cfg-launcher/pom.xml
[INFO] --------------------------------[ jar ]---------------------------------
[INFO] 
[INFO] --- resources:3.4.0:resources (default-resources) @ cfg-launcher ---
[INFO] skip non existing resourceDirectory /home/gustavo/workspace/teste-e2e/analysis-cfg/cfg-launcher/src/main/resources
[INFO] 
[INFO] --- compiler:3.13.0:compile (default-compile) @ cfg-launcher ---
[INFO] Nothing to compile - all classes are up to date.
[INFO] 
[INFO] --- resources:3.4.0:testResources (default-testResources) @ cfg-launcher ---
[INFO] skip non existing resourceDirectory /home/gustavo/workspace/teste-e2e/analysis-cfg/cfg-launcher/src/test/resources
[INFO] Copying 7 resources from ../cfg-adapters/src/test/resources to target/test-classes
[INFO] 
[INFO] --- compiler:3.13.0:testCompile (default-testCompile) @ cfg-launcher ---
[INFO] Nothing to compile - all classes are up to date.
[INFO] 
[INFO] --- surefire:3.5.3:test (default-test) @ cfg-launcher ---
[INFO] Tests are skipped.
[INFO] 
[INFO] --- jar:3.4.2:jar (default-jar) @ cfg-launcher ---
[INFO] 
[INFO] --- dependency:3.8.1:tree (default-cli) @ cfg-launcher ---
[INFO] Wrote dependency tree to: /home/gustavo/workspace/teste-e2e/analysis-cfg/cfg-launcher/target/architecture-dependencies.tgf
[INFO] 
[INFO] --- dependency:3.8.1:build-classpath (default-cli) @ cfg-launcher ---
[INFO] Skipped writing classpath file '/home/gustavo/workspace/teste-e2e/analysis-cfg/cfg-launcher/target/architecture-classpath.txt'.  No changes found.
[INFO] 
[INFO] ----------< io.github.gustavo2358.analysis:analysis-dataflow >----------
[INFO] Building analysis-dataflow 0.1.0-SNAPSHOT                          [7/9]
[INFO]   from analysis-dataflow/pom.xml
[INFO] --------------------------------[ jar ]---------------------------------
[INFO] 
[INFO] --- resources:3.4.0:resources (default-resources) @ analysis-dataflow ---
[INFO] skip non existing resourceDirectory /home/gustavo/workspace/teste-e2e/analysis-cfg/analysis-dataflow/src/main/resources
[INFO] 
[INFO] --- compiler:3.13.0:compile (default-compile) @ analysis-dataflow ---
[INFO] Nothing to compile - all classes are up to date.
[INFO] 
[INFO] --- resources:3.4.0:testResources (default-testResources) @ analysis-dataflow ---
[INFO] skip non existing resourceDirectory /home/gustavo/workspace/teste-e2e/analysis-cfg/analysis-dataflow/src/test/resources
[INFO] Copying 7 resources from ../cfg-adapters/src/test/resources to target/test-classes
[INFO] 
[INFO] --- compiler:3.13.0:testCompile (default-testCompile) @ analysis-dataflow ---
[INFO] Nothing to compile - all classes are up to date.
[INFO] 
[INFO] --- surefire:3.5.3:test (default-test) @ analysis-dataflow ---
[INFO] Tests are skipped.
[INFO] 
[INFO] --- jar:3.4.2:jar (default-jar) @ analysis-dataflow ---
[INFO] Building jar: /home/gustavo/workspace/teste-e2e/analysis-cfg/analysis-dataflow/target/analysis-dataflow-0.1.0-SNAPSHOT.jar
[INFO] 
[INFO] --- dependency:3.8.1:tree (default-cli) @ analysis-dataflow ---
[INFO] Wrote dependency tree to: /home/gustavo/workspace/teste-e2e/analysis-cfg/analysis-dataflow/target/architecture-dependencies.tgf
[INFO] 
[INFO] --- dependency:3.8.1:build-classpath (default-cli) @ analysis-dataflow ---
[INFO] Wrote classpath file '/home/gustavo/workspace/teste-e2e/analysis-cfg/analysis-dataflow/target/architecture-classpath.txt'.
[INFO] 
[INFO] ----------< io.github.gustavo2358.analysis:analysis-adapters >----------
[INFO] Building analysis-adapters 0.1.0-SNAPSHOT                          [8/9]
[INFO]   from analysis-adapters/pom.xml
[INFO] --------------------------------[ jar ]---------------------------------
[INFO] 
[INFO] --- resources:3.4.0:resources (default-resources) @ analysis-adapters ---
[INFO] skip non existing resourceDirectory /home/gustavo/workspace/teste-e2e/analysis-cfg/analysis-adapters/src/main/resources
[INFO] 
[INFO] --- compiler:3.13.0:compile (default-compile) @ analysis-adapters ---
[INFO] Recompiling the module because of changed dependency.
[INFO] Compiling 7 source files with javac [debug release 21] to target/classes
[INFO] 
[INFO] --- resources:3.4.0:testResources (default-testResources) @ analysis-adapters ---
[INFO] skip non existing resourceDirectory /home/gustavo/workspace/teste-e2e/analysis-cfg/analysis-adapters/src/test/resources
[INFO] Copying 7 resources from ../cfg-adapters/src/test/resources to target/test-classes
[INFO] 
[INFO] --- compiler:3.13.0:testCompile (default-testCompile) @ analysis-adapters ---
[INFO] Recompiling the module because of changed dependency.
[INFO] Compiling 7 source files with javac [debug release 21] to target/test-classes
[INFO] 
[INFO] --- surefire:3.5.3:test (default-test) @ analysis-adapters ---
[INFO] Tests are skipped.
[INFO] 
[INFO] --- jar:3.4.2:jar (default-jar) @ analysis-adapters ---
[INFO] Building jar: /home/gustavo/workspace/teste-e2e/analysis-cfg/analysis-adapters/target/analysis-adapters-0.1.0-SNAPSHOT.jar
[INFO] 
[INFO] --- dependency:3.8.1:tree (default-cli) @ analysis-adapters ---
[INFO] Wrote dependency tree to: /home/gustavo/workspace/teste-e2e/analysis-cfg/analysis-adapters/target/architecture-dependencies.tgf
[INFO] 
[INFO] --- dependency:3.8.1:build-classpath (default-cli) @ analysis-adapters ---
[INFO] Wrote classpath file '/home/gustavo/workspace/teste-e2e/analysis-cfg/analysis-adapters/target/architecture-classpath.txt'.
[INFO] 
[INFO] ----------< io.github.gustavo2358.analysis:analysis-launcher >----------
[INFO] Building analysis-launcher 0.1.0-SNAPSHOT                          [9/9]
[INFO]   from analysis-launcher/pom.xml
[INFO] --------------------------------[ jar ]---------------------------------
[INFO] 
[INFO] --- resources:3.4.0:resources (default-resources) @ analysis-launcher ---
[INFO] skip non existing resourceDirectory /home/gustavo/workspace/teste-e2e/analysis-cfg/analysis-launcher/src/main/resources
[INFO] 
[INFO] --- compiler:3.13.0:compile (default-compile) @ analysis-launcher ---
[INFO] Recompiling the module because of changed dependency.
[INFO] Compiling 1 source file with javac [debug release 21] to target/classes
[INFO] 
[INFO] --- resources:3.4.0:testResources (default-testResources) @ analysis-launcher ---
[INFO] skip non existing resourceDirectory /home/gustavo/workspace/teste-e2e/analysis-cfg/analysis-launcher/src/test/resources
[INFO] Copying 7 resources from ../cfg-adapters/src/test/resources to target/test-classes
[INFO] 
[INFO] --- compiler:3.13.0:testCompile (default-testCompile) @ analysis-launcher ---
[INFO] Recompiling the module because of changed dependency.
[INFO] Compiling 1 source file with javac [debug release 21] to target/test-classes
[INFO] 
[INFO] --- surefire:3.5.3:test (default-test) @ analysis-launcher ---
[INFO] Tests are skipped.
[INFO] 
[INFO] --- jar:3.4.2:jar (default-jar) @ analysis-launcher ---
[INFO] Building jar: /home/gustavo/workspace/teste-e2e/analysis-cfg/analysis-launcher/target/analysis-launcher-0.1.0-SNAPSHOT.jar
[INFO] 
[INFO] --- dependency:3.8.1:tree (default-cli) @ analysis-launcher ---
[INFO] Wrote dependency tree to: /home/gustavo/workspace/teste-e2e/analysis-cfg/analysis-launcher/target/architecture-dependencies.tgf
[INFO] 
[INFO] --- dependency:3.8.1:build-classpath (default-cli) @ analysis-launcher ---
[INFO] Wrote classpath file '/home/gustavo/workspace/teste-e2e/analysis-cfg/analysis-launcher/target/architecture-classpath.txt'.
[INFO] ------------------------------------------------------------------------
[INFO] Reactor Summary for Analysis CFG 0.1.0-SNAPSHOT:
[INFO] 
[INFO] Analysis CFG ....................................... SUCCESS [  0.586 s]
[INFO] Analysis CFG Kernel ................................ SUCCESS [  0.416 s]
[INFO] Analysis Structural Kernel ......................... SUCCESS [  0.044 s]
[INFO] Analysis Possible Values ........................... SUCCESS [  0.031 s]
[INFO] cfg-adapters ....................................... SUCCESS [  0.036 s]
[INFO] cfg-launcher ....................................... SUCCESS [  0.028 s]
[INFO] analysis-dataflow .................................. SUCCESS [  0.054 s]
[INFO] analysis-adapters .................................. SUCCESS [  1.008 s]
[INFO] analysis-launcher .................................. SUCCESS [  0.140 s]
[INFO] ------------------------------------------------------------------------
[INFO] BUILD SUCCESS
[INFO] ------------------------------------------------------------------------
[INFO] Total time:  2.478 s
[INFO] Finished at: 2026-09-10T01:31:29-03:00
[INFO] ------------------------------------------------------------------------
[w5-architecture] PASS: explicit source/classfile/javap/jdeps/Maven inventories; inner direction preserved
