[INFO] Scanning for projects...
[INFO] ------------------------------------------------------------------------
[INFO] Reactor Build Order:
[INFO] 
[INFO] Analysis CFG                                                       [pom]
[INFO] Analysis CFG Kernel                                                [jar]
[INFO] Analysis Structural Kernel                                         [jar]
[INFO] Analysis Possible Values                                           [jar]
[INFO] analysis-dataflow                                                  [jar]
[INFO] analysis-adapters                                                  [jar]
[INFO] 
[INFO] ---------< io.github.gustavo2358.analysis:analysis-cfg-parent >---------
[INFO] Building Analysis CFG 0.1.0-SNAPSHOT                               [1/6]
[INFO]   from pom.xml
[INFO] --------------------------------[ pom ]---------------------------------
[INFO] 
[INFO] -------------< io.github.gustavo2358.analysis:cfg-kernel >--------------
[INFO] Building Analysis CFG Kernel 0.1.0-SNAPSHOT                        [2/6]
[INFO]   from cfg-kernel/pom.xml
[INFO] --------------------------------[ jar ]---------------------------------
[INFO] 
[INFO] --- resources:3.4.0:resources (default-resources) @ cfg-kernel ---
[INFO] skip non existing resourceDirectory /home/gustavo/workspace/teste-e2e/analysis-cfg/cfg-kernel/src/main/resources
[INFO] 
[INFO] --- compiler:3.13.0:compile (default-compile) @ cfg-kernel ---
[INFO] Nothing to compile - all classes are up to date.
[INFO] 
[INFO] --- resources:3.4.0:testResources (default-testResources) @ cfg-kernel ---
[INFO] skip non existing resourceDirectory /home/gustavo/workspace/teste-e2e/analysis-cfg/cfg-kernel/src/test/resources
[INFO] 
[INFO] --- compiler:3.13.0:testCompile (default-testCompile) @ cfg-kernel ---
[INFO] Nothing to compile - all classes are up to date.
[INFO] 
[INFO] --- surefire:3.5.3:test (default-test) @ cfg-kernel ---
[INFO] Using auto detected provider org.apache.maven.surefire.junitplatform.JUnitPlatformProvider
[INFO] 
[INFO] -------------------------------------------------------
[INFO]  T E S T S
[INFO] -------------------------------------------------------
[INFO] Running io.github.gustavo2358.analysis.cfg.application.BuildCfgContractTest
[INFO] Tests run: 4, Failures: 0, Errors: 0, Skipped: 0, Time elapsed: 0.104 s -- in io.github.gustavo2358.analysis.cfg.application.BuildCfgContractTest
[INFO] 
[INFO] Results:
[INFO] 
[INFO] Tests run: 4, Failures: 0, Errors: 0, Skipped: 0
[INFO] 
[INFO] 
[INFO] -----------< io.github.gustavo2358.analysis:analysis-kernel >-----------
[INFO] Building Analysis Structural Kernel 0.1.0-SNAPSHOT                 [3/6]
[INFO]   from analysis-kernel/pom.xml
[INFO] --------------------------------[ jar ]---------------------------------
[INFO] 
[INFO] --- resources:3.4.0:resources (default-resources) @ analysis-kernel ---
[INFO] skip non existing resourceDirectory /home/gustavo/workspace/teste-e2e/analysis-cfg/analysis-kernel/src/main/resources
[INFO] 
[INFO] --- compiler:3.13.0:compile (default-compile) @ analysis-kernel ---
[INFO] Nothing to compile - all classes are up to date.
[INFO] 
[INFO] --- resources:3.4.0:testResources (default-testResources) @ analysis-kernel ---
[INFO] skip non existing resourceDirectory /home/gustavo/workspace/teste-e2e/analysis-cfg/analysis-kernel/src/test/resources
[INFO] 
[INFO] --- compiler:3.13.0:testCompile (default-testCompile) @ analysis-kernel ---
[INFO] Nothing to compile - all classes are up to date.
[INFO] 
[INFO] --- surefire:3.5.3:test (default-test) @ analysis-kernel ---
[INFO] Using auto detected provider org.apache.maven.surefire.junitplatform.JUnitPlatformProvider
[INFO] 
[INFO] -------------------------------------------------------
[INFO]  T E S T S
[INFO] -------------------------------------------------------
[INFO] Running io.github.gustavo2358.analysis.structure.StructureTest
[INFO] Tests run: 9, Failures: 0, Errors: 0, Skipped: 0, Time elapsed: 0.146 s -- in io.github.gustavo2358.analysis.structure.StructureTest
[INFO] 
[INFO] Results:
[INFO] 
[INFO] Tests run: 9, Failures: 0, Errors: 0, Skipped: 0
[INFO] 
[INFO] 
[INFO] -----------< io.github.gustavo2358.analysis:analysis-values >-----------
[INFO] Building Analysis Possible Values 0.1.0-SNAPSHOT                   [4/6]
[INFO]   from analysis-values/pom.xml
[INFO] --------------------------------[ jar ]---------------------------------
[INFO] 
[INFO] --- resources:3.4.0:resources (default-resources) @ analysis-values ---
[INFO] skip non existing resourceDirectory /home/gustavo/workspace/teste-e2e/analysis-cfg/analysis-values/src/main/resources
[INFO] 
[INFO] --- compiler:3.13.0:compile (default-compile) @ analysis-values ---
[INFO] Nothing to compile - all classes are up to date.
[INFO] 
[INFO] --- resources:3.4.0:testResources (default-testResources) @ analysis-values ---
[INFO] skip non existing resourceDirectory /home/gustavo/workspace/teste-e2e/analysis-cfg/analysis-values/src/test/resources
[INFO] 
[INFO] --- compiler:3.13.0:testCompile (default-testCompile) @ analysis-values ---
[INFO] Nothing to compile - all classes are up to date.
[INFO] 
[INFO] --- surefire:3.5.3:test (default-test) @ analysis-values ---
[INFO] Using auto detected provider org.apache.maven.surefire.junitplatform.JUnitPlatformProvider
[INFO] 
[INFO] -------------------------------------------------------
[INFO]  T E S T S
[INFO] -------------------------------------------------------
[INFO] Running io.github.gustavo2358.analysis.values.ValuesTest
[INFO] Tests run: 6, Failures: 0, Errors: 0, Skipped: 0, Time elapsed: 0.204 s -- in io.github.gustavo2358.analysis.values.ValuesTest
[INFO] 
[INFO] Results:
[INFO] 
[INFO] Tests run: 6, Failures: 0, Errors: 0, Skipped: 0
[INFO] 
[INFO] 
[INFO] ----------< io.github.gustavo2358.analysis:analysis-dataflow >----------
[INFO] Building analysis-dataflow 0.1.0-SNAPSHOT                          [5/6]
[INFO]   from analysis-dataflow/pom.xml
[INFO] --------------------------------[ jar ]---------------------------------
[INFO] 
[INFO] --- resources:3.4.0:resources (default-resources) @ analysis-dataflow ---
[INFO] skip non existing resourceDirectory /home/gustavo/workspace/teste-e2e/analysis-cfg/analysis-dataflow/src/main/resources
[INFO] 
[INFO] --- compiler:3.13.0:compile (default-compile) @ analysis-dataflow ---
[INFO] Nothing to compile - all classes are up to date.
[INFO] 
[INFO] --- resources:3.4.0:testResources (default-testResources) @ analysis-dataflow ---
[INFO] skip non existing resourceDirectory /home/gustavo/workspace/teste-e2e/analysis-cfg/analysis-dataflow/src/test/resources
[INFO] Copying 7 resources from ../cfg-adapters/src/test/resources to target/test-classes
[INFO] 
[INFO] --- compiler:3.13.0:testCompile (default-testCompile) @ analysis-dataflow ---
[INFO] Nothing to compile - all classes are up to date.
[INFO] 
[INFO] --- surefire:3.5.3:test (default-test) @ analysis-dataflow ---
[INFO] Using auto detected provider org.apache.maven.surefire.junitplatform.JUnitPlatformProvider
[INFO] 
[INFO] -------------------------------------------------------
[INFO]  T E S T S
[INFO] -------------------------------------------------------
[INFO] Running io.github.gustavo2358.analysis.dataflow.CompositionTest
[INFO] Tests run: 3, Failures: 0, Errors: 0, Skipped: 0, Time elapsed: 0.177 s -- in io.github.gustavo2358.analysis.dataflow.CompositionTest
[INFO] 
[INFO] Results:
[INFO] 
[INFO] Tests run: 3, Failures: 0, Errors: 0, Skipped: 0
[INFO] 
[INFO] 
[INFO] ----------< io.github.gustavo2358.analysis:analysis-adapters >----------
[INFO] Building analysis-adapters 0.1.0-SNAPSHOT                          [6/6]
[INFO]   from analysis-adapters/pom.xml
[INFO] --------------------------------[ jar ]---------------------------------
[INFO] 
[INFO] --- resources:3.4.0:resources (default-resources) @ analysis-adapters ---
[INFO] skip non existing resourceDirectory /home/gustavo/workspace/teste-e2e/analysis-cfg/analysis-adapters/src/main/resources
[INFO] 
[INFO] --- compiler:3.13.0:compile (default-compile) @ analysis-adapters ---
[INFO] Recompiling the module because of changed source code.
[INFO] Compiling 5 source files with javac [debug release 21] to target/classes
[INFO] 
[INFO] --- resources:3.4.0:testResources (default-testResources) @ analysis-adapters ---
[INFO] skip non existing resourceDirectory /home/gustavo/workspace/teste-e2e/analysis-cfg/analysis-adapters/src/test/resources
[INFO] Copying 7 resources from ../cfg-adapters/src/test/resources to target/test-classes
[INFO] 
[INFO] --- compiler:3.13.0:testCompile (default-testCompile) @ analysis-adapters ---
[INFO] Recompiling the module because of changed dependency.
[INFO] Compiling 2 source files with javac [debug release 21] to target/test-classes
[INFO] 
[INFO] --- surefire:3.5.3:test (default-test) @ analysis-adapters ---
[INFO] Using auto detected provider org.apache.maven.surefire.junitplatform.JUnitPlatformProvider
[INFO] 
[INFO] -------------------------------------------------------
[INFO]  T E S T S
[INFO] -------------------------------------------------------
[INFO] Running io.github.gustavo2358.analysis.adapters.WireTest
[INFO] Tests run: 1, Failures: 0, Errors: 0, Skipped: 0, Time elapsed: 0.201 s -- in io.github.gustavo2358.analysis.adapters.WireTest
[INFO] 
[INFO] Results:
[INFO] 
[INFO] Tests run: 1, Failures: 0, Errors: 0, Skipped: 0
[INFO] 
[INFO] ------------------------------------------------------------------------
[INFO] Reactor Summary for Analysis CFG 0.1.0-SNAPSHOT:
[INFO] 
[INFO] Analysis CFG ....................................... SUCCESS [  0.001 s]
[INFO] Analysis CFG Kernel ................................ SUCCESS [  0.921 s]
[INFO] Analysis Structural Kernel ......................... SUCCESS [  0.538 s]
[INFO] Analysis Possible Values ........................... SUCCESS [  0.620 s]
[INFO] analysis-dataflow .................................. SUCCESS [  0.590 s]
[INFO] analysis-adapters .................................. SUCCESS [  1.458 s]
[INFO] ------------------------------------------------------------------------
[INFO] BUILD SUCCESS
[INFO] ------------------------------------------------------------------------
[INFO] Total time:  4.221 s
[INFO] Finished at: 2026-09-10T00:52:19-03:00
[INFO] ------------------------------------------------------------------------
